src/react-app/components/FinalCTA.tsx(1,8): error TS6133: 'React' is declared but its value is never read.
src/react-app/components/Hero.tsx(1,27): error TS6133: 'useEffect' is declared but its value is never read.
